// Jest Snapshot v1, https://goo.gl/fbAQLP

exports[`Snapshot test for component <ArtistItem /> should component <ArtistItem /> renders correctly 1`] = `
<div
  className="artist"
>
  <input
    className="artist__input visually-hidden"
    id="answer-0"
    name="answer"
    onChange={[Function]}
    type="radio"
    value="answer-0"
  />
  <label
    className="artist__name"
    htmlFor="answer-0"
  >
    <img
      alt="artist-name"
      className="artist__picture"
      src="picture-url"
    />
    artist-name
  </label>
</div>
`;
